// Jest Snapshot v1, https://goo.gl/fbAQLP

exports[`NavigationMenu.vue Rendering should renders correctly 1`] = `
<n-tabs-stub
  addable="false"
  class="Container"
  closable="false"
  size="large"
  tabspadding="0"
  type="line"
  value="test"
/>
`;
